// Jest Snapshot v1, https://goo.gl/fbAQLP

exports[`snapshot: renders correctly 1`] = `
<div
  className="p-6 max-w-sm mx-auto space-x-5"
  id="cnt-app"
>
  <div
    className="flex justify-end"
  >
    <button
      aria-label="Change Language"
      className="
      bg-gray-100 border-2 border-gray-900
      hover:border-gray-500 hover:bg-gray-200 
      active:border-gray-200 active:bg-gray-400 
      px-2 py-2 w-20 mx-2 my-2 "
      data-testid="language:switch:de"
      onClick={[Function]}
    >
      de
    </button>
    <button
      aria-label="Change Language"
      className="
      bg-gray-100 border-2 border-gray-900
      hover:border-gray-500 hover:bg-gray-200 
      active:border-gray-200 active:bg-gray-400 
      px-2 py-2 w-20 mx-2 my-2 "
      data-testid="language:switch:en"
      onClick={[Function]}
    >
      en
    </button>
  </div>
  <div
    className=""
  >
    <div
      className="flex justify-between  border-gray-900 border-2 m-2 overflow-hidden"
    >
      <button
        aria-label="Increment value"
        className="
      bg-gray-100 border-2 border-gray-900
      hover:border-gray-500 hover:bg-gray-200 
      active:border-gray-200 active:bg-gray-400 
      px-2 py-2 w-20 mx-2 my-2 "
        data-testid="count:increment"
        onClick={[Function]}
      >
        +
      </button>
      <span
        aria-label="Value"
        className="px-5 py-2 border-gray-900 border-2  m-2"
        data-testid="count:value"
        role="presentation"
      >
        0
      </span>
      <button
        aria-label="Decrement value"
        className="
      bg-gray-100 border-2 border-gray-900
      hover:border-gray-500 hover:bg-gray-200 
      active:border-gray-200 active:bg-gray-400 
      px-2 py-2 w-20 mx-2 my-2 "
        data-testid="count:decrement"
        onClick={[Function]}
      >
        -
      </button>
    </div>
    <div
      className="flex justify-between border-gray-900 border-2 m-2"
    >
      <input
        aria-label="Set increment amount"
        className="px-2 py-2 m-2 w-20"
        onChange={[Function]}
        type="number"
        value={2}
      />
      <button
        aria-label="add"
        className="
      bg-gray-100 border-2 border-gray-900
      hover:border-gray-500 hover:bg-gray-200 
      active:border-gray-200 active:bg-gray-400 
      px-2 py-2 w-20 mx-2 my-2 "
        data-testid="count:incrementByAmount"
        onClick={[Function]}
      >
        add
      </button>
      <button
        aria-label="add"
        className="
      bg-gray-100 border-2 border-gray-900
      hover:border-gray-500 hover:bg-gray-200 
      active:border-gray-200 active:bg-gray-400 
      px-2 py-2 w-20 mx-2 my-2 "
        data-testid="count:incrementByAmountAsync"
        onClick={[Function]}
      >
        add
      </button>
    </div>
    <div
      className="flex justify-center border-gray-900 border-2 m-2"
    >
      <button
        aria-label="load"
        className="
      bg-gray-100 border-2 border-gray-900
      hover:border-gray-500 hover:bg-gray-200 
      active:border-gray-200 active:bg-gray-400 
      px-2 py-2 w-100 mx-2 my-2 "
        data-testid="count:load"
        onClick={[Function]}
      >
        load
      </button>
    </div>
  </div>
  <p>
    users
  </p>
</div>
`;
